// Jest Snapshot v1, https://goo.gl/fbAQLP

exports[`test for LandingPage test for LandingPage 1`] = `
<ContextProvider
  value={null}
>
  <LandingPage
    actions={
      Object {
        "getAllProducts": [Function],
        "getProductsByCatergory": [Function],
        "getProductsByDepartment": [Function],
      }
    }
    categories={Array []}
    products={
      Object {
        "products": Array [],
      }
    }
    store={
      Object {
        "clearActions": [Function],
        "dispatch": [Function],
        "getActions": [Function],
        "getState": [Function],
        "replaceReducer": [Function],
        "subscribe": [Function],
      }
    }
  />
</ContextProvider>
`;
