// Jest Snapshot v1, https://goo.gl/fbAQLP

exports[`test for ShoppingCartModal test for ShoppingCartModal 1`] = `
<ContextProvider
  value={null}
>
  <withRouter(ShoppingCartModal)
    actions={
      Object {
        "generateShoppingId": [Function],
        "getShoppingCartItems": [Function],
      }
    }
    shoppingCartItems={
      Array [
        Object {},
      ]
    }
    store={
      Object {
        "clearActions": [Function],
        "dispatch": [Function],
        "getActions": [Function],
        "getState": [Function],
        "replaceReducer": [Function],
        "subscribe": [Function],
      }
    }
  />
</ContextProvider>
`;
